<html>
<body>
<pre>
<h1>µVision Build Log</h1>
<h2>Project:</h2>
E:\v23ce6n4\ARM_Projects\UART_Interrupt\interrupt.uvproj
Project File Date:  04/27/2024

<h2>Output:</h2>
Rebuild target 'Target 1'
assembling Startup.s...
compiling uart0_interrupt.c...
uart0_interrupt.c(41): warning:  #1-D: last line of file ends without a newline
linking...
Program Size: Code=764 RO-data=32 RW-data=4 ZI-data=1260  
"interrupt.axf" - 0 Error(s), 1 Warning(s).
Rebuild target 'Target 1'
assembling Startup.s...
compiling uart0_interrupt.c...
linking...
Program Size: Code=764 RO-data=32 RW-data=4 ZI-data=1260  
"interrupt.axf" - 0 Error(s), 0 Warning(s).
Rebuild target 'Target 1'
assembling Startup.s...
compiling uart0_interrupt.c...
linking...
Program Size: Code=1036 RO-data=32 RW-data=4 ZI-data=1260  
FromELF: creating hex file...
"interrupt.axf" - 0 Error(s), 0 Warning(s).
Rebuild target 'Target 1'
assembling Startup.s...
compiling uart0_interrupt.c...
linking...
Program Size: Code=1036 RO-data=32 RW-data=4 ZI-data=1260  
FromELF: creating hex file...
"interrupt.axf" - 0 Error(s), 0 Warning(s).
