<html>
<body>
<pre>
<h1>µVision Build Log</h1>
<h2>Project:</h2>
E:\v23ce6n4\ARM_Projects\FIQ_Interrupt\interrupt.uvproj
Project File Date:  04/12/2024

<h2>Output:</h2>
Build target 'Target 1'
assembling Startup.s...
Startup.s(247): error: A1516E: Bad symbol 'FIQ_Addr', not defined or external
compiling fiq.c...
Target not created
Build target 'Target 1'
assembling Startup.s...
linking...
Program Size: Code=824 RO-data=16 RW-data=0 ZI-data=1256  
FromELF: creating hex file...
"interrupt.axf" - 0 Error(s), 0 Warning(s).
Build target 'Target 1'
assembling Startup.s...
linking...
Program Size: Code=832 RO-data=16 RW-data=0 ZI-data=1256  
FromELF: creating hex file...
"interrupt.axf" - 0 Error(s), 0 Warning(s).
Build target 'Target 1'
compiling fiq.c...
linking...
Program Size: Code=832 RO-data=16 RW-data=0 ZI-data=1256  
FromELF: creating hex file...
"interrupt.axf" - 0 Error(s), 0 Warning(s).
Rebuild target 'Target 1'
assembling Startup.s...
Startup.s(256): error: A1516E: Bad symbol 'FIQ_Handler', not defined or external
compiling fiq.c...
Target not created
Build target 'Target 1'
assembling Startup.s...
Startup.s(256): error: A1516E: Bad symbol 'FIQint', not defined or external
Startup.s(263): error: A1516E: Bad symbol 'FIQint', not defined or external
Target not created
Build target 'Target 1'
assembling Startup.s...
linking...
Program Size: Code=832 RO-data=16 RW-data=0 ZI-data=1256  
FromELF: creating hex file...
"interrupt.axf" - 0 Error(s), 0 Warning(s).
Build target 'Target 1'
assembling Startup.s...
linking...
Program Size: Code=828 RO-data=16 RW-data=0 ZI-data=1256  
FromELF: creating hex file...
"interrupt.axf" - 0 Error(s), 0 Warning(s).
Build target 'Target 1'
assembling Startup.s...
Startup.s(247): error: A1516E: Bad symbol 'FIQ_Addr', not defined or external
Target not created
Build target 'Target 1'
assembling Startup.s...
Startup.s(247): error: A1516E: Bad symbol 'FIQ_Addr', not defined or external
Target not created
Build target 'Target 1'
assembling Startup.s...
linking...
Program Size: Code=832 RO-data=16 RW-data=0 ZI-data=1256  
FromELF: creating hex file...
"interrupt.axf" - 0 Error(s), 0 Warning(s).
Build target 'Target 1'
linking...
Program Size: Code=832 RO-data=16 RW-data=0 ZI-data=1256  
FromELF: creating hex file...
"interrupt.axf" - 0 Error(s), 0 Warning(s).
Build target 'Target 1'
assembling Startup.s...
linking...
Program Size: Code=828 RO-data=16 RW-data=0 ZI-data=1256  
FromELF: creating hex file...
"interrupt.axf" - 0 Error(s), 0 Warning(s).
