<html>
<body>
<pre>
<h1>µVision Build Log</h1>
<h2>Project:</h2>
E:\v23ce6n4\ARM_Projects\LCD_4bit\LCD_symbol.uvproj
Project File Date:  03/29/2024

<h2>Output:</h2>
Build target 'Target 1'
compiling LCD_symbol.c...
LCD_functions.h(25): warning:  #223-D: function "delay_milliseconds" declared implicitly
LCD_functions.h(41): warning:  #223-D: function "delay_milliseconds" declared implicitly
timer_delay.h(10): error:  #159: declaration is incompatible with previous "delay_milliseconds" (declared at line 25 of "LCD_functions.h")
Target not created
Build target 'Target 1'
compiling LCD_symbol.c...
LCD_functions.h(25): warning:  #223-D: function "delay_milliseconds" declared implicitly
LCD_functions.h(41): warning:  #223-D: function "delay_milliseconds" declared implicitly
timer_delay.h(10): error:  #159: declaration is incompatible with previous "delay_milliseconds" (declared at line 25 of "LCD_functions.h")
Target not created
Build target 'Target 1'
compiling LCD_symbol.c...
LCD_functions.h(25): warning:  #223-D: function "delay_milliseconds" declared implicitly
LCD_functions.h(41): warning:  #223-D: function "delay_milliseconds" declared implicitly
linking...
LCD_symbol.axf: Error: L6218E: Undefined symbol delay_milliseconds (referred from lcd_symbol.o).
LCD_symbol.axf: Error: L6218E: Undefined symbol main (referred from rtentry2.o).
Target not created
Build target 'Target 1'
compiling LCD_symbol.c...
LCD_functions.h(25): warning:  #223-D: function "delay_milliseconds" declared implicitly
LCD_functions.h(41): warning:  #223-D: function "delay_milliseconds" declared implicitly
linking...
LCD_symbol.axf: Error: L6218E: Undefined symbol delay_milliseconds (referred from lcd_symbol.o).
Target not created
Build target 'Target 1'
assembling Startup.s...
compiling LCD_symbol.c...
LCD_functions.h(25): warning:  #223-D: function "delay_milliseconds" declared implicitly
LCD_functions.h(41): warning:  #223-D: function "delay_milliseconds" declared implicitly
linking...
LCD_symbol.axf: Error: L6218E: Undefined symbol delay_milliseconds (referred from lcd_symbol.o).
Target not created
Build target 'Target 1'
compiling LCD_symbol.c...
linking...
Program Size: Code=736 RO-data=16 RW-data=0 ZI-data=1256  
FromELF: creating hex file...
"LCD_symbol.axf" - 0 Error(s), 0 Warning(s).
Build target 'Target 1'
linking...
Program Size: Code=736 RO-data=16 RW-data=0 ZI-data=1256  
FromELF: creating hex file...
"LCD_symbol.axf" - 0 Error(s), 0 Warning(s).
Build target 'Target 1'
compiling LCD_symbol.c...
LCD_functions.h(25): warning:  #223-D: function "delay_milliseconds" declared implicitly
LCD_functions.h(41): warning:  #223-D: function "delay_milliseconds" declared implicitly
linking...
LCD_symbol.axf: Error: L6218E: Undefined symbol delay_milliseconds (referred from lcd_symbol.o).
Target not created
Build target 'Target 1'
compiling LCD_symbol.c...
linking...
Program Size: Code=3068 RO-data=16 RW-data=0 ZI-data=1256  
FromELF: creating hex file...
"LCD_symbol.axf" - 0 Error(s), 0 Warning(s).
Build target 'Target 1'
compiling LCD_symbol.c...
LCD_symbol.c(9): warning:  #223-D: function "strlen" declared implicitly
linking...
Program Size: Code=3308 RO-data=16 RW-data=0 ZI-data=1256  
FromELF: creating hex file...
"LCD_symbol.axf" - 0 Error(s), 1 Warning(s).
Build target 'Target 1'
compiling LCD_symbol.c...
LCD_symbol.c(9): warning:  #223-D: function "strlen" declared implicitly
linking...
Program Size: Code=3308 RO-data=16 RW-data=0 ZI-data=1256  
FromELF: creating hex file...
"LCD_symbol.axf" - 0 Error(s), 1 Warning(s).
Build target 'Target 1'
compiling LCD_symbol.c...
LCD_symbol.c(9): warning:  #223-D: function "strlen" declared implicitly
linking...
Program Size: Code=3308 RO-data=16 RW-data=0 ZI-data=1256  
FromELF: creating hex file...
"LCD_symbol.axf" - 0 Error(s), 1 Warning(s).
Build target 'Target 1'
compiling LCD_symbol.c...
LCD_symbol.c(28): warning:  #167-D: argument of type "unsigned char *" is incompatible with parameter of type "const char *"
linking...
Program Size: Code=3308 RO-data=16 RW-data=0 ZI-data=1256  
FromELF: creating hex file...
"LCD_symbol.axf" - 0 Error(s), 1 Warning(s).
Build target 'Target 1'
assembling Startup.s...
compiling LCD_symbol.c...
LCD_symbol.c(28): warning:  #167-D: argument of type "unsigned char *" is incompatible with parameter of type "const char *"
linking...
Program Size: Code=3292 RO-data=16 RW-data=0 ZI-data=1256  
FromELF: creating hex file...
"LCD_symbol.axf" - 0 Error(s), 1 Warning(s).
Build target 'Target 1'
compiling LCD_symbol.c...
linking...
Program Size: Code=3292 RO-data=16 RW-data=0 ZI-data=1256  
FromELF: creating hex file...
"LCD_symbol.axf" - 0 Error(s), 0 Warning(s).
Build target 'Target 1'
compiling LCD_symbol.c...
linking...
Program Size: Code=3308 RO-data=16 RW-data=0 ZI-data=1256  
FromELF: creating hex file...
"LCD_symbol.axf" - 0 Error(s), 0 Warning(s).
Build target 'Target 1'
linking...
Program Size: Code=3308 RO-data=16 RW-data=0 ZI-data=1256  
FromELF: creating hex file...
"LCD_symbol.axf" - 0 Error(s), 0 Warning(s).
Build target 'Target 1'
compiling LCD_symbol.c...
linking...
Program Size: Code=3308 RO-data=16 RW-data=0 ZI-data=1256  
FromELF: creating hex file...
"LCD_symbol.axf" - 0 Error(s), 0 Warning(s).
Build target 'Target 1'
compiling LCD_symbol.c...
LCD_symbol.c(7): warning:  #177-D: variable "l" was declared but never referenced
LCD_symbol.c(7): warning:  #177-D: variable "i" was declared but never referenced
LCD_symbol.c(7): warning:  #177-D: variable "j" was declared but never referenced
linking...
Program Size: Code=3116 RO-data=16 RW-data=0 ZI-data=1256  
FromELF: creating hex file...
"LCD_symbol.axf" - 0 Error(s), 3 Warning(s).
Build target 'Target 1'
compiling LCD_symbol.c...
linking...
Program Size: Code=3112 RO-data=16 RW-data=0 ZI-data=1256  
FromELF: creating hex file...
"LCD_symbol.axf" - 0 Error(s), 0 Warning(s).
Build target 'Target 1'
linking...
Program Size: Code=3112 RO-data=16 RW-data=0 ZI-data=1256  
FromELF: creating hex file...
"LCD_symbol.axf" - 0 Error(s), 0 Warning(s).
Build target 'Target 1'
linking...
Program Size: Code=3112 RO-data=16 RW-data=0 ZI-data=1256  
FromELF: creating hex file...
"LCD_symbol.axf" - 0 Error(s), 0 Warning(s).
Build target 'Target 1'
assembling Startup.s...
compiling LCD_symbol.c...
linking...
Program Size: Code=3112 RO-data=16 RW-data=0 ZI-data=1256  
FromELF: creating hex file...
"LCD_symbol.axf" - 0 Error(s), 0 Warning(s).
Build target 'Target 1'
assembling Startup.s...
compiling LCD_symbol.c...
linking...
Program Size: Code=3112 RO-data=16 RW-data=0 ZI-data=1256  
FromELF: creating hex file...
"LCD_symbol.axf" - 0 Error(s), 0 Warning(s).
Build target 'Target 1'
assembling Startup.s...
compiling LCD_symbol.c...
linking...
Program Size: Code=3112 RO-data=16 RW-data=0 ZI-data=1256  
FromELF: creating hex file...
"LCD_symbol.axf" - 0 Error(s), 0 Warning(s).
Build target 'Target 1'
assembling Startup.s...
compiling LCD_symbol.c...
linking...
Program Size: Code=3112 RO-data=16 RW-data=0 ZI-data=1256  
FromELF: creating hex file...
"LCD_symbol.axf" - 0 Error(s), 0 Warning(s).
Build target 'Target 1'
assembling Startup.s...
compiling LCD_symbol.c...
linking...
Program Size: Code=3112 RO-data=16 RW-data=0 ZI-data=1256  
FromELF: creating hex file...
"LCD_symbol.axf" - 0 Error(s), 0 Warning(s).
Build target 'Target 1'
linking...
Program Size: Code=3112 RO-data=16 RW-data=0 ZI-data=1256  
FromELF: creating hex file...
"LCD_symbol.axf" - 0 Error(s), 0 Warning(s).
Build target 'Target 1'
linking...
Program Size: Code=3112 RO-data=16 RW-data=0 ZI-data=1256  
FromELF: creating hex file...
"LCD_symbol.axf" - 0 Error(s), 0 Warning(s).
Build target 'Target 1'
linking...
LCD_symbol.axf: Warning: L6665W: Neither Lib$$Request$$armlib Lib$$Request$$cpplib defined, not searching ARM libraries.
LCD_symbol.axf: Error: L6411E: No compatible library exists with a definition of startup symbol __main.
Target not created
Build target 'Target 1'
compiling LCD_symbol.c...
linking...
Program Size: Code=3112 RO-data=16 RW-data=0 ZI-data=1256  
FromELF: creating hex file...
"LCD_symbol.axf" - 0 Error(s), 0 Warning(s).
Build target 'Target 1'
linking...
Program Size: Code=3112 RO-data=16 RW-data=0 ZI-data=1256  
FromELF: creating hex file...
"LCD_symbol.axf" - 0 Error(s), 0 Warning(s).
Build target 'Target 1'
compiling LCD_symbol.c...
LCD_functions.h(41): error:  #20: identifier "cmd" is undefined
Target not created
Build target 'Target 1'
compiling LCD_symbol.c...
LCD_functions.h(41): error:  #20: identifier "cmd" is undefined
Target not created
Build target 'Target 1'
compiling LCD_symbol.c...
linking...
Program Size: Code=3168 RO-data=16 RW-data=0 ZI-data=1256  
FromELF: creating hex file...
"LCD_symbol.axf" - 0 Error(s), 0 Warning(s).
Build target 'Target 1'
linking...
Program Size: Code=3168 RO-data=16 RW-data=0 ZI-data=1256  
FromELF: creating hex file...
"LCD_symbol.axf" - 0 Error(s), 0 Warning(s).
Build target 'Target 1'
linking...
Program Size: Code=3168 RO-data=16 RW-data=0 ZI-data=1256  
FromELF: creating hex file...
"LCD_symbol2.axf" - 0 Error(s), 0 Warning(s).
